{
  "ui:order": [
    "cutOffDay",
    "*"
  ],
  "classNames": "field-depth-0",
  "Instances": {
    "items": {
      "ui:order": [
        "executions",
        "last_start",
        "user",
        "rulesets",
        "last_used",
        "name",
        "appbind",
        "provisioned",
        "uuid",
        "version",
        "org",
        "instanceId",
        "status",
        "*"
      ],
      "classNames": "field-depth-1"
    }
  }
}