{
  "$schema": "http://json-schema.org/draft-06/schema#",
  "definitions": {},
  "type": "object",
  "properties": {
    "filtered_instances": {
      "type": "array",
      "items": {
        "type": "object"
      },
      "title": "Filtered Instances"
    }
  }
}