{
  "ui:order": [
    "Name",
    "Hour",
    "Gender",
    "Degree",
    "*"
  ],
  "classNames": "field-depth-0"
}