{
  "$schema": "http://json-schema.org/draft-06/schema#",
  "definitions": {},
  "type": "object",
  "properties": {
    "Degree": {
      "type": "string",
      "title": "Degree"
    },
    "Gender": {
      "type": "string",
      "title": "Gender"
    },
    "Hour": {
      "type": "integer",
      "title": "Hour"
    },
    "Name": {
      "type": "string",
      "title": "Name"
    }
  }
}