{
  "ui:order": [
    "Salutation",
    "*"
  ],
  "classNames": "field-depth-0"
}