{
  "$schema": "http://json-schema.org/draft-06/schema#",
  "definitions": {
    "BaggageFeeResult": {
      "type": "object",
      "properties": {
        "totalBaggageFee": {
          "type": "number",
          "title": "Total Baggage Fee"
        },
        "status": {
          "type": "string",
          "enum": [
            "NoCharge",
            "AdditionalCharge",
            "Rejected"
          ],
          "title": "Status"
        },
        "discount": {
          "type": "string",
          "title": "Discount"
        },
        "reasons": {
          "type": "array",
          "items": {
            "type": "string"
          },
          "title": "Reasons"
        }
      },
      "title": "Baggage Fee Result"
    }
  },
  "type": "object",
  "properties": {
    "__DecisionID__": {
      "type": "string",
      "description": "Unique identifier representing the execution of the decision service operation. If it is not specified, it will be computed automatically.",
      "title": "Decision Id",
      "CustomSchemaAttributeHidden": true
    },
    "Fee": {
      "$ref": "#/definitions/BaggageFeeResult",
      "title": "Fee"
    }
  }
}