{
  "$schema": "http://json-schema.org/draft-06/schema#",
  "definitions": {
    "Booking": {
      "type": "object",
      "properties": {
        "baggageItems": {
          "type": "array",
          "items": {
            "$ref": "#/definitions/BaggageItem"
          },
          "title": "Baggage Items"
        },
        "fareClass": {
          "type": "string",
          "enum": [
            "Economy",
            "Business",
            "PremiumEconomy",
            "First"
          ],
          "title": "Fare Class"
        }
      },
      "title": "Booking"
    },
    "BaggageItem": {
      "type": "object",
      "properties": {
        "depth": {
          "type": "number",
          "title": "Depth"
        },
        "width": {
          "type": "number",
          "title": "Width"
        },
        "height": {
          "type": "number",
          "title": "Height"
        },
        "weight": {
          "type": "number",
          "title": "Weight"
        }
      },
      "title": "Baggage Item"
    },
    "Customer": {
      "type": "object",
      "properties": {
        "status": {
          "type": "string",
          "enum": [
            "Bronze",
            "Gold",
            "Silver",
            "Platinum",
            "None"
          ],
          "title": "Status"
        }
      },
      "title": "Customer"
    }
  },
  "type": "object",
  "properties": {
    "Booking": {
      "$ref": "#/definitions/Booking"
    },
    "Customer": {
      "$ref": "#/definitions/Customer"
    },
    "Fee_per_extra_kilogram": {
      "type": "number",
      "title": "Fee Per Extra Kilogram"
    },
    "Maximum_spec_for_a_piece": {
      "$ref": "#/definitions/BaggageItem"
    }
  }
}