{
  "ui:order": [
    "*"
  ],
  "Approval": {
    "ui:order": [
      "message",
      "approved",
      "*"
    ]
  },
  "Insurance": {
    "ui:order": [
      "rate",
      "required",
      "*"
    ]
  }
}