{
  "$schema": "http://json-schema.org/draft-06/schema#",
  "definitions": {
    "Approval": {
      "type": "object",
      "properties": {
        "approved": {
          "type": "boolean",
          "default": false,
          "title": "Approved"
        },
        "message": {
          "type": "string",
          "title": "Message"
        }
      },
      "title": "Approval"
    },
    "Insurance": {
      "type": "object",
      "properties": {
        "required": {
          "type": "boolean",
          "default": false,
          "title": "Required"
        },
        "rate": {
          "type": "number",
          "title": "Rate"
        }
      },
      "title": "Insurance"
    }
  },
  "type": "object",
  "properties": {
    "__DecisionID__": {
      "type": "string",
      "description": "Unique identifier representing the execution of the decision service operation. If it is not specified, it will be computed automatically.",
      "title": "Decision Id",
      "CustomSchemaAttributeHidden": true
    },
    "Approval": {
      "$ref": "#/definitions/Approval",
      "title": "Approval"
    },
    "Insurance": {
      "$ref": "#/definitions/Insurance",
      "title": "Insurance"
    }
  }
}