{
  "$schema": "http://json-schema.org/draft-06/schema#",
  "definitions": {
    "Loan": {
      "type": "object",
      "properties": {
        "amount": {
          "type": "integer",
          "title": "Amount"
        },
        "duration": {
          "type": "integer",
          "title": "Duration"
        },
        "yearlyInterestRate": {
          "type": "number",
          "title": "Yearly Interest Rate"
        },
        "yearlyRepayment": {
          "type": "integer",
          "title": "Yearly Repayment"
        },
        "approved": {
          "type": "boolean",
          "default": false,
          "title": "Approved"
        },
        "messages": {
          "type": "array",
          "items": {
            "type": "string"
          },
          "title": "Messages"
        }
      },
      "title": "Loan"
    }
  },
  "type": "object",
  "properties": {
    "loan": {
      "$ref": "#/definitions/Loan"
    }
  }
}