{
  "ui:order": [
    "*"
  ],
  "loan": {
    "ui:order": [
      "approved",
      "yearlyRepayment",
      "yearlyInterestRate",
      "duration",
      "amount",
      "*"
    ]
  }
}