{
  "ui:order": [
    "*"
  ],
  "classNames": "field-depth-0",
  "borrower": {
    "ui:order": [
      "yearlyIncome",
      "creditScore",
      "name",
      "*"
    ],
    "classNames": "field-depth-1"
  },
  "loan": {
    "ui:order": [
      "approved",
      "yearlyRepayment",
      "yearlyInterestRate",
      "duration",
      "amount",
      "*"
    ],
    "classNames": "field-depth-1"
  }
}