{
  "$schema": "http://json-schema.org/draft-06/schema#",
  "definitions": {},
  "type": "object",
  "properties": {
    "__DecisionID__": {
      "type": "string",
      "description": "Unique identifier representing the execution of the decision service operation. If it is not specified, it will be computed automatically.",
      "title": "Decision Id",
      "CustomSchemaAttributeHidden": true
    },
    "Matching_race": {
      "type": "array",
      "items": {
        "type": "object"
      },
      "title": "Matching Race"
    }
  }
}