{
  "ui:order": [
    "__DecisionID__",
    "Matching_race"
  ],
  "classNames": "field-depth-0",
  "__DecisionID__": {
    "ui:widget": "hidden"
  },
  "Matching_race": {
    "items": {
      "ui:order": [
        "*"
      ],
      "classNames": "field-depth-1"
    }
  }
}