{
  "$schema": "http://json-schema.org/draft-06/schema#",
  "definitions": {
    "Race": {
      "type": "object",
      "properties": {
        "area": {
          "type": "string",
          "title": "Area"
        },
        "category": {
          "type": "string",
          "enum": [
            "upper intermediate",
            "advanced",
            "beginner",
            "intermediate",
            "pre intermediate"
          ],
          "title": "Category"
        },
        "name": {
          "type": "string",
          "title": "Name"
        }
      },
      "title": "Race"
    },
    "Runner": {
      "type": "object",
      "properties": {
        "average speed": {
          "type": "number",
          "title": "Average Speed"
        },
        "area": {
          "type": "string",
          "title": "Area"
        },
        "category": {
          "type": "string",
          "enum": [
            "upper intermediate",
            "advanced",
            "beginner",
            "intermediate",
            "pre intermediate"
          ],
          "title": "Category"
        },
        "weekly mileage": {
          "type": "number",
          "title": "Weekly Mileage"
        },
        "name": {
          "type": "string",
          "title": "Name"
        }
      },
      "title": "Runner"
    }
  },
  "type": "object",
  "properties": {
    "Races": {
      "type": "array",
      "items": {
        "$ref": "#/definitions/Race"
      },
      "title": "Races"
    },
    "Runner": {
      "$ref": "#/definitions/Runner",
      "title": "Runner"
    }
  }
}