{
  "$schema": "http://json-schema.org/draft-06/schema#",
  "definitions": {},
  "type": "object",
  "properties": {
    "Result": {
      "type": "string",
      "title": "Result"
    }
  }
}