{
  "ui:order": [
    "Result",
    "__DecisionID__"
  ],
  "classNames": "field-depth-0",
  "__DecisionID__": {
    "ui:widget": "hidden"
  },
  "Result": {
    "classNames": "field-small-textfield field-last-textfield"
  }
}